IQ-TREE multicore version 2.2.2.3 COVID-edition for Linux 64-bit built Apr  7 2023
Developed by Bui Quang Minh, James Barbetti, Nguyen Lam Tung,
Olga Chernomor, Heiko Schmidt, Dominik Schrempf, Michael Woodhams, Ly Trong Nhan.

Host:    243101b0ae19 (AVX2, FMA3, 125 GB RAM)
Command: iqtree -T AUTO --threads-max 2 -s /app/outputs/analyses/637/20251019T164351/between_profile_distances/B/clade_B_seqs.aligned.fasta
Seed:    517774 (Using SPRNG - Scalable Parallel Random Number Generator)
Time:    Sun Oct 19 11:43:58 2025
Kernel:  AVX+FMA - auto-detect threads (24 CPU cores detected)

Reading alignment file /app/outputs/analyses/637/20251019T164351/between_profile_distances/B/clade_B_seqs.aligned.fasta ... Fasta format detected
Reading fasta file: done in 0.000128031 secs using 1.562% CPU
Alignment most likely contains DNA/RNA sequences
Constructing alignment: done in 0.000443935 secs using 1.352% CPU
Alignment has 12 sequences with 271 columns, 24 distinct patterns
1 parsimony-informative, 12 singleton sites, 258 constant sites
         Gap/Ambiguity  Composition  p-value
Analyzing sequences: done in 4.41074e-05 secs using 9.069% CPU
   1  89664      0.74%    passed     99.89%
   2  51013      0.74%    passed     99.85%
   3  3690569   12.55%    passed     99.84%
   4  326410     0.74%    passed     99.91%
   5  2541291    1.11%    passed     96.38%
   6  29324      0.74%    passed    100.00%
   7  5624206    1.85%    passed     99.22%
   8  322255     0.74%    passed     99.89%
   9  2541295    0.74%    passed     99.92%
  10  5624207    0.00%    passed     99.80%
  11  368726     0.74%    passed     99.89%
  12  89112      0.74%    passed     99.85%
****  TOTAL      1.78%  0 sequences failed composition chi2 test (p-value<5%; df=3)
Checking for duplicate sequences: done in 0.000209808 secs using 4.766% CPU


Create initial parsimony tree by phylogenetic likelihood library (PLL)... 0.000 seconds
Measuring multi-threading efficiency up to 2 CPU cores
Increase to 10 rounds for branch lengths
20068 trees examined
Threads: 1 / Time: 2.000 sec / Speedup: 1.000 / Efficiency: 100% / LogL: -467
Threads: 2 / Time: 7.384 sec / Speedup: 0.271 / Efficiency: 14% / LogL: -467
Determining AUTO threadcount: done in 9.38432 secs using 72.28% CPU
BEST NUMBER OF THREADS: 1

Perform fast likelihood tree search using GTR+I+G model...
Estimate model parameters (epsilon = 5.000)
Perform nearest neighbor interchange...
Optimizing NNI: done in 0.0001688 secs using 63.98% CPU
Estimate model parameters (epsilon = 1.000)
1. Initial log-likelihood: -457.079
Optimal log-likelihood: -457.073
Rate parameters:  A-C: 2.57982  A-G: 3.95229  A-T: 1.20440  C-G: 0.00010  C-T: 4.31421  G-T: 1.00000
Warning! Some parameters hit the boundaries
Base frequencies:  A: 0.165  C: 0.271  G: 0.260  T: 0.305
Proportion of invariable sites: 0.474
Gamma shape alpha: 998.448
Parameters optimization took 1 rounds (0.000 sec)
Time for fast ML tree search: 0.002 seconds

NOTE: ModelFinder requires 0 MB RAM!
ModelFinder will test up to 484 DNA models (sample size: 271) ...
 No. Model         -LnL         df  AIC          AICc         BIC
  1  GTR+F         456.853      29  971.705      978.925      1076.167
  2  GTR+F+I       456.848      30  973.695      981.445      1081.759
  3  GTR+F+G4      456.848      30  973.696      981.446      1081.759
  4  GTR+F+I+G4    457.066      31  976.131      984.432      1087.797
  5  GTR+F+R2      456.953      31  975.907      984.208      1087.573
  6  GTR+F+R3      456.977      33  979.955      989.423      1098.825
 14  GTR+F+I+R2    457.250      32  978.500      987.374      1093.768
 15  GTR+F+I+R3    457.206      34  982.411      992.496      1104.883
 23  SYM           462.220      26  976.439      982.193      1070.094
 24  SYM+I         462.219      27  978.437      984.659      1075.694
 25  SYM+G4        462.219      27  978.438      984.660      1075.695
 45  TVM+F         456.855      28  969.710      976.420      1070.569
 46  TVM+F+I       456.847      29  971.693      978.913      1076.155
 47  TVM+F+G4      456.847      29  971.694      978.914      1076.155
 67  TVMe          462.384      25  974.767      980.073      1064.820
 68  TVMe+I        462.382      26  976.764      982.518      1070.419
 69  TVMe+G4       462.382      26  976.764      982.518      1070.419
 89  TIM3+F        458.729      27  971.457      977.680      1068.715
 90  TIM3+F+I      458.728      28  973.457      980.168      1074.316
 91  TIM3+F+G4     458.729      28  973.457      980.168      1074.317
111  TIM3e         463.794      24  975.588      980.466      1062.038
112  TIM3e+I       463.794      25  977.587      982.893      1067.640
113  TIM3e+G4      463.794      25  977.588      982.894      1067.641
133  TIM2+F        457.650      27  969.300      975.522      1066.557
134  TIM2+F+I      457.649      28  971.299      978.009      1072.158
135  TIM2+F+G4     457.650      28  971.299      978.010      1072.159
155  TIM2e         463.058      24  974.117      978.995      1060.568
156  TIM2e+I       463.058      25  976.116      981.422      1066.169
157  TIM2e+G4      463.058      25  976.116      981.422      1066.169
177  TIM+F         458.250      27  970.500      976.722      1067.757
178  TIM+F+I       458.250      28  972.500      979.211      1073.359
179  TIM+F+G4      458.251      28  972.501      979.212      1073.360
199  TIMe          463.286      24  974.571      979.449      1061.022
200  TIMe+I        463.286      25  976.572      981.878      1066.624
201  TIMe+G4       463.286      25  976.572      981.878      1066.625
221  TPM3u+F       458.731      26  969.461      975.216      1063.117
222  TPM3u+F+I     458.730      27  971.461      977.683      1068.718
223  TPM3u+F+G4    458.731      27  971.461      977.684      1068.719
243  TPM3          463.956      23  973.912      978.382      1056.761
244  TPM3+I        463.956      24  975.912      980.790      1062.363
245  TPM3+G4       463.956      24  975.913      980.791      1062.363
265  TPM2u+F       457.651      26  967.302      973.057      1060.958
266  TPM2u+F+I     457.653      27  969.306      975.529      1066.564
267  TPM2u+F+G4    457.653      27  969.305      975.528      1066.563
287  TPM2          463.217      23  972.434      976.904      1055.283
288  TPM2+I        463.217      24  974.434      979.312      1060.885
289  TPM2+G4       463.217      24  974.435      979.313      1060.885
309  K3Pu+F        458.252      26  968.504      974.258      1062.159
310  K3Pu+F+I      458.252      27  970.504      976.726      1067.761
311  K3Pu+F+G4     458.252      27  970.505      976.727      1067.762
331  K3P           463.449      23  972.897      977.367      1055.746
332  K3P+I         463.449      24  974.898      979.776      1061.348
333  K3P+G4        463.449      24  974.898      979.776      1061.349
353  TN+F          458.735      26  969.469      975.224      1063.125
354  TN+F+I        458.735      27  971.470      977.692      1068.727
355  TN+F+G4       458.735      27  971.470      977.692      1068.727
375  TNe           463.795      23  973.591      978.061      1056.440
376  TNe+I         463.796      24  975.591      980.469      1062.042
377  TNe+G4        463.796      24  975.591      980.469      1062.042
397  HKY+F         458.737      25  967.474      972.780      1057.527
398  HKY+F+I       458.737      26  969.473      975.227      1063.128
399  HKY+F+G4      458.737      26  969.474      975.228      1063.129
419  K2P           463.958      22  971.915      975.996      1051.162
420  K2P+I         463.958      23  973.915      978.385      1056.764
421  K2P+G4        463.958      23  973.916      978.385      1056.764
441  F81+F         462.111      24  972.222      977.100      1058.673
442  F81+F+I       462.111      25  974.222      979.528      1064.275
443  F81+F+G4      462.111      25  974.222      979.528      1064.275
463  JC            467.448      21  976.895      980.606      1052.540
464  JC+I          467.448      22  978.895      982.976      1058.142
465  JC+G4         467.448      22  978.896      982.976      1058.142
Akaike Information Criterion:           TPM2u+F
Corrected Akaike Information Criterion: HKY+F
Bayesian Information Criterion:         K2P
Best-fit model: K2P chosen according to BIC

All model information printed to /app/outputs/analyses/637/20251019T164351/between_profile_distances/B/clade_B_seqs.aligned.fasta.model.gz
CPU time for ModelFinder: 6.825 seconds (0h:0m:6s)
Wall-clock time for ModelFinder: 9.427 seconds (0h:0m:9s)

NOTE: 0 MB RAM (0 GB) is required!
Estimate model parameters (epsilon = 0.100)
1. Initial log-likelihood: -463.958
Optimal log-likelihood: -463.958
Rate parameters:  A-C: 1.00000  A-G: 4.52169  A-T: 1.00000  C-G: 1.00000  C-T: 4.52169  G-T: 1.00000
Base frequencies:  A: 0.250  C: 0.250  G: 0.250  T: 0.250
Parameters optimization took 1 rounds (0.000 sec)
Wrote distance file to... 
Computing ML distances based on estimated model parameters...
Calculating distance matrix: done in 9.799e-05 secs using 92.87% CPU
Computing ML distances took 0.000108 sec (of wall-clock time) 0.000100 sec (of CPU time)
Setting up auxiliary I and S matrices: done in 3.60012e-05 secs using 97.22% CPU
Constructing RapidNJ tree: done in 1.81198e-05 secs using 104.9% CPU
Computing RapidNJ tree took 0.000073 sec (of wall-clock time) 0.000071 sec (of CPU time)
Log-likelihood of RapidNJ tree: -463.969
--------------------------------------------------------------------
|             INITIALIZING CANDIDATE TREE SET                      |
--------------------------------------------------------------------
Generating 98 parsimony trees... 0.005 second
Computing log-likelihood of 98 initial trees ... 0.004 seconds
Current best score: -463.957

Do NNI search on 20 best initial trees
Optimizing NNI: done in 0.000111103 secs using 99.01% CPU
Estimate model parameters (epsilon = 0.100)
BETTER TREE FOUND at iteration 1: -463.957
Optimizing NNI: done in 0.000101089 secs using 99.91% CPU
Optimizing NNI: done in 9.48906e-05 secs using 99.06% CPU
Optimizing NNI: done in 9.10759e-05 secs using 98.82% CPU
Optimizing NNI: done in 9.10759e-05 secs using 99.92% CPU
Optimizing NNI: done in 9.29832e-05 secs using 98.94% CPU
Optimizing NNI: done in 8.89301e-05 secs using 100.1% CPU
Optimizing NNI: done in 8.98838e-05 secs using 100.1% CPU
Optimizing NNI: done in 8.91685e-05 secs using 99.81% CPU
Optimizing NNI: done in 9.20296e-05 secs using 98.88% CPU
Iteration 10 / LogL: -463.958 / Time: 0h:0m:0s
Optimizing NNI: done in 8.70228e-05 secs using 98.82% CPU
Optimizing NNI: done in 8.79765e-05 secs using 100% CPU
Optimizing NNI: done in 8.82149e-05 secs using 98.62% CPU
Optimizing NNI: done in 9.08375e-05 secs using 100.2% CPU
Optimizing NNI: done in 8.60691e-05 secs using 99.92% CPU
Optimizing NNI: done in 8.70228e-05 secs using 98.82% CPU
Optimizing NNI: done in 8.89301e-05 secs using 100.1% CPU
Optimizing NNI: done in 9.10759e-05 secs using 98.82% CPU
Optimizing NNI: done in 8.51154e-05 secs using 98.69% CPU
Optimizing NNI: done in 9.10759e-05 secs using 98.82% CPU
Iteration 20 / LogL: -463.958 / Time: 0h:0m:0s
Finish initializing candidate tree set (20)
Current best tree score: -463.957 / CPU time: 0.012
Number of iterations: 20
--------------------------------------------------------------------
|               OPTIMIZING CANDIDATE TREE SET                      |
--------------------------------------------------------------------
Optimizing NNI: done in 9.10759e-05 secs using 98.82% CPU
Optimizing NNI: done in 9.39369e-05 secs using 100.1% CPU
Optimizing NNI: done in 8.79765e-05 secs using 98.89% CPU
Optimizing NNI: done in 9.70364e-05 secs using 99.96% CPU
Optimizing NNI: done in 8.79765e-05 secs using 98.89% CPU
Optimizing NNI: done in 0.000194073 secs using 99.96% CPU
Optimizing NNI: done in 8.67844e-05 secs using 100.2% CPU
Optimizing NNI: done in 0.000210047 secs using 99.98% CPU
Optimizing NNI: done in 9.10759e-05 secs using 99.92% CPU
Optimizing NNI: done in 0.00019002 secs using 99.99% CPU
Iteration 30 / LogL: -463.958 / Time: 0h:0m:0s (0h:0m:0s left)
Optimizing NNI: done in 0.00019002 secs using 99.99% CPU
Optimizing NNI: done in 0.000181913 secs using 100% CPU
Optimizing NNI: done in 0.000176907 secs using 99.49% CPU
Optimizing NNI: done in 0.000188828 secs using 99.56% CPU
Optimizing NNI: done in 0.000189066 secs using 99.44% CPU
Optimizing NNI: done in 0.000205994 secs using 99.52% CPU
Optimizing NNI: done in 0.000189066 secs using 99.97% CPU
Optimizing NNI: done in 9.01222e-05 secs using 99.86% CPU
Optimizing NNI: done in 9.29832e-05 secs using 98.94% CPU
Optimizing NNI: done in 8.98838e-05 secs using 99.02% CPU
Iteration 40 / LogL: -463.957 / Time: 0h:0m:0s (0h:0m:0s left)
Optimizing NNI: done in 0.000195026 secs using 99.47% CPU
Optimizing NNI: done in 0.000253916 secs using 99.64% CPU
Optimizing NNI: done in 0.000198126 secs using 99.94% CPU
Optimizing NNI: done in 8.91685e-05 secs using 99.81% CPU
Optimizing NNI: done in 8.98838e-05 secs using 100.1% CPU
Optimizing NNI: done in 8.79765e-05 secs using 100% CPU
Optimizing NNI: done in 0.000189066 secs using 99.44% CPU
Optimizing NNI: done in 0.000180006 secs using 100% CPU
Optimizing NNI: done in 9.20296e-05 secs using 98.88% CPU
Optimizing NNI: done in 0.000175953 secs using 100% CPU
Iteration 50 / LogL: -463.958 / Time: 0h:0m:0s (0h:0m:0s left)
Optimizing NNI: done in 9.01222e-05 secs using 98.75% CPU
Optimizing NNI: done in 9.39369e-05 secs using 101.1% CPU
Optimizing NNI: done in 0.000267982 secs using 99.63% CPU
Optimizing NNI: done in 0.000189066 secs using 99.97% CPU
Optimizing NNI: done in 0.000173092 secs using 99.37% CPU
Optimizing NNI: done in 9.60827e-05 secs using 99.91% CPU
Optimizing NNI: done in 0.000191927 secs using 100% CPU
Optimizing NNI: done in 0.000200987 secs using 100% CPU
Optimizing NNI: done in 9.48906e-05 secs using 100.1% CPU
Optimizing NNI: done in 9.39369e-05 secs using 99% CPU
Iteration 60 / LogL: -463.957 / Time: 0h:0m:0s (0h:0m:0s left)
Optimizing NNI: done in 0.000198126 secs using 99.43% CPU
Optimizing NNI: done in 8.91685e-05 secs using 99.81% CPU
BETTER TREE FOUND at iteration 62: -463.957
Optimizing NNI: done in 0.000177145 secs using 99.35% CPU
Optimizing NNI: done in 9.70364e-05 secs using 98.93% CPU
Optimizing NNI: done in 0.000184059 secs using 99.97% CPU
Optimizing NNI: done in 0.000202894 secs using 100.1% CPU
Optimizing NNI: done in 0.000236988 secs using 100% CPU
Optimizing NNI: done in 9.799e-05 secs using 100% CPU
Optimizing NNI: done in 9.5129e-05 secs using 99.86% CPU
Optimizing NNI: done in 8.58307e-05 secs using 99.03% CPU
Iteration 70 / LogL: -463.957 / Time: 0h:0m:0s (0h:0m:0s left)
Optimizing NNI: done in 9.39369e-05 secs using 99% CPU
BETTER TREE FOUND at iteration 71: -463.957
Optimizing NNI: done in 0.000171185 secs using 99.31% CPU
Optimizing NNI: done in 9.5129e-05 secs using 98.81% CPU
Optimizing NNI: done in 8.2016e-05 secs using 98.76% CPU
Optimizing NNI: done in 0.000385046 secs using 99.73% CPU
Optimizing NNI: done in 0.000301838 secs using 100.1% CPU
Optimizing NNI: done in 0.00019002 secs using 99.99% CPU
Optimizing NNI: done in 9.58443e-05 secs using 99.12% CPU
BETTER TREE FOUND at iteration 78: -463.957
Optimizing NNI: done in 0.000152111 secs using 99.93% CPU
Optimizing NNI: done in 0.000200033 secs using 99.98% CPU
Iteration 80 / LogL: -463.958 / Time: 0h:0m:0s (0h:0m:0s left)
Optimizing NNI: done in 0.000216007 secs using 99.53% CPU
Optimizing NNI: done in 9.60827e-05 secs using 99.91% CPU
Optimizing NNI: done in 9.39369e-05 secs using 99% CPU
Optimizing NNI: done in 0.000273943 secs using 100% CPU
Optimizing NNI: done in 0.0002141 secs using 99.49% CPU
Optimizing NNI: done in 0.0002141 secs using 99.49% CPU
Optimizing NNI: done in 9.01222e-05 secs using 98.75% CPU
Optimizing NNI: done in 9.39369e-05 secs using 99% CPU
Optimizing NNI: done in 0.000173807 secs using 99.54% CPU
Optimizing NNI: done in 0.000204802 secs using 100.6% CPU
Iteration 90 / LogL: -463.957 / Time: 0h:0m:0s (0h:0m:0s left)
Optimizing NNI: done in 0.000183105 secs using 99.94% CPU
Optimizing NNI: done in 9.48906e-05 secs using 99.06% CPU
Optimizing NNI: done in 9.17912e-05 secs using 101.3% CPU
Optimizing NNI: done in 9.10759e-05 secs using 98.82% CPU
Optimizing NNI: done in 9.39369e-05 secs using 99% CPU
Optimizing NNI: done in 0.000285149 secs using 99.6% CPU
Optimizing NNI: done in 0.000185966 secs using 100% CPU
Optimizing NNI: done in 0.000174046 secs using 100.5% CPU
Optimizing NNI: done in 0.000170946 secs using 99.45% CPU
Optimizing NNI: done in 9.39369e-05 secs using 100.1% CPU
Iteration 100 / LogL: -463.957 / Time: 0h:0m:0s (0h:0m:0s left)
Optimizing NNI: done in 0.000188828 secs using 100.1% CPU
Optimizing NNI: done in 0.000170946 secs using 100.6% CPU
Optimizing NNI: done in 0.000204086 secs using 99.96% CPU
Optimizing NNI: done in 0.000288963 secs using 100% CPU
Optimizing NNI: done in 0.000144005 secs using 99.3% CPU
Optimizing NNI: done in 0.000206947 secs using 100.5% CPU
Optimizing NNI: done in 9.29832e-05 secs using 100% CPU
Optimizing NNI: done in 0.00028801 secs using 99.65% CPU
Optimizing NNI: done in 0.000208855 secs using 99.59% CPU
Optimizing NNI: done in 8.79765e-05 secs using 100% CPU
Iteration 110 / LogL: -463.957 / Time: 0h:0m:0s (0h:0m:0s left)
Optimizing NNI: done in 0.000189066 secs using 99.97% CPU
Optimizing NNI: done in 0.000167131 secs using 99.32% CPU
Optimizing NNI: done in 9.39369e-05 secs using 100.1% CPU
Optimizing NNI: done in 9.29832e-05 secs using 98.94% CPU
Optimizing NNI: done in 9.799e-05 secs using 100% CPU
Optimizing NNI: done in 8.70228e-05 secs using 99.97% CPU
Optimizing NNI: done in 9.70364e-05 secs using 99.96% CPU
Optimizing NNI: done in 0.000389099 secs using 99.97% CPU
Optimizing NNI: done in 9.29832e-05 secs using 100% CPU
Optimizing NNI: done in 9.41753e-05 secs using 99.81% CPU
Iteration 120 / LogL: -463.957 / Time: 0h:0m:0s (0h:0m:0s left)
Optimizing NNI: done in 0.00018692 secs using 100% CPU
Optimizing NNI: done in 0.000217915 secs using 99.58% CPU
Optimizing NNI: done in 9.20296e-05 secs using 99.97% CPU
Optimizing NNI: done in 0.00036788 secs using 100% CPU
Optimizing NNI: done in 9.5129e-05 secs using 98.81% CPU
Optimizing NNI: done in 7.79629e-05 secs using 98.76% CPU
Optimizing NNI: done in 0.000204086 secs using 99.96% CPU
Optimizing NNI: done in 0.000187874 secs using 100.1% CPU
Optimizing NNI: done in 9.10759e-05 secs using 98.82% CPU
Optimizing NNI: done in 9.5129e-05 secs using 99.86% CPU
Iteration 130 / LogL: -463.957 / Time: 0h:0m:0s (0h:0m:0s left)
Optimizing NNI: done in 9.60827e-05 secs using 99.91% CPU
Optimizing NNI: done in 9.41753e-05 secs using 98.75% CPU
Optimizing NNI: done in 0.00019908 secs using 99.96% CPU
Optimizing NNI: done in 0.000195026 secs using 99.99% CPU
Optimizing NNI: done in 0.000213861 secs using 100.1% CPU
Optimizing NNI: done in 0.000179052 secs using 99.97% CPU
Optimizing NNI: done in 0.000204086 secs using 99.47% CPU
Optimizing NNI: done in 0.000194073 secs using 99.45% CPU
Optimizing NNI: done in 0.000101089 secs using 98.92% CPU
Optimizing NNI: done in 9.29832e-05 secs using 98.94% CPU
Iteration 140 / LogL: -463.957 / Time: 0h:0m:0s (0h:0m:0s left)
Optimizing NNI: done in 8.91685e-05 secs using 99.81% CPU
Optimizing NNI: done in 8.91685e-05 secs using 99.81% CPU
Optimizing NNI: done in 0.000204086 secs using 99.47% CPU
Optimizing NNI: done in 0.000185013 secs using 99.99% CPU
Optimizing NNI: done in 0.000252008 secs using 99.6% CPU
Optimizing NNI: done in 0.000243902 secs using 100% CPU
Optimizing NNI: done in 8.89301e-05 secs using 98.95% CPU
Optimizing NNI: done in 0.000194073 secs using 99.96% CPU
Optimizing NNI: done in 9.39369e-05 secs using 99% CPU
Optimizing NNI: done in 0.000209093 secs using 99.96% CPU
Iteration 150 / LogL: -463.959 / Time: 0h:0m:0s (0h:0m:0s left)
Optimizing NNI: done in 0.000163078 secs using 99.95% CPU
Optimizing NNI: done in 0.000197172 secs using 99.91% CPU
Optimizing NNI: done in 9.5129e-05 secs using 99.86% CPU
Optimizing NNI: done in 9.70364e-05 secs using 99.96% CPU
Optimizing NNI: done in 0.000209093 secs using 99.96% CPU
Optimizing NNI: done in 0.000200987 secs using 100% CPU
Optimizing NNI: done in 0.000207901 secs using 100% CPU
Optimizing NNI: done in 9.799e-05 secs using 100% CPU
Optimizing NNI: done in 0.0001719 secs using 100.1% CPU
Optimizing NNI: done in 0.000165939 secs using 100.6% CPU
Iteration 160 / LogL: -463.957 / Time: 0h:0m:0s (0h:0m:0s left)
Optimizing NNI: done in 0.000191927 secs using 100% CPU
Optimizing NNI: done in 0.000166893 secs using 100.1% CPU
Optimizing NNI: done in 9.60827e-05 secs using 99.91% CPU
Optimizing NNI: done in 0.000188112 secs using 99.41% CPU
Optimizing NNI: done in 9.5129e-05 secs using 98.81% CPU
Optimizing NNI: done in 0.000289202 secs using 99.58% CPU
Optimizing NNI: done in 9.41753e-05 secs using 98.75% CPU
Optimizing NNI: done in 0.000252008 secs using 100% CPU
Optimizing NNI: done in 9.60827e-05 secs using 99.91% CPU
Optimizing NNI: done in 9.60827e-05 secs using 99.91% CPU
Iteration 170 / LogL: -463.957 / Time: 0h:0m:0s (0h:0m:0s left)
Optimizing NNI: done in 9.5129e-05 secs using 99.86% CPU
Optimizing NNI: done in 9.20296e-05 secs using 101.1% CPU
Optimizing NNI: done in 0.000182867 secs using 100.1% CPU
Optimizing NNI: done in 0.000255823 secs using 100.1% CPU
Optimizing NNI: done in 0.000178099 secs using 99.94% CPU
Optimizing NNI: done in 0.000203133 secs using 99.93% CPU
Optimizing NNI: done in 0.000254869 secs using 100.1% CPU
Optimizing NNI: done in 0.000187874 secs using 99.53% CPU
Optimizing NNI: done in 0.000167847 secs using 99.5% CPU
TREE SEARCH COMPLETED AFTER 179 ITERATIONS / Time: 0h:0m:0s

--------------------------------------------------------------------
|                    FINALIZING TREE SEARCH                        |
--------------------------------------------------------------------
Performs final model parameters optimization
Estimate model parameters (epsilon = 0.010)
1. Initial log-likelihood: -463.957
Optimal log-likelihood: -463.957
Rate parameters:  A-C: 1.00000  A-G: 4.52419  A-T: 1.00000  C-G: 1.00000  C-T: 4.52419  G-T: 1.00000
Base frequencies:  A: 0.250  C: 0.250  G: 0.250  T: 0.250
Parameters optimization took 1 rounds (0.000 sec)
BEST SCORE FOUND : -463.957
Total tree length: 0.049

Total number of iterations: 179
CPU time used for tree search: 0.047 sec (0h:0m:0s)
Wall-clock time used for tree search: 0.047 sec (0h:0m:0s)
Total CPU time used: 0.050 sec (0h:0m:0s)
Total wall-clock time used: 0.069 sec (0h:0m:0s)

Analysis results written to: 
  IQ-TREE report:                /app/outputs/analyses/637/20251019T164351/between_profile_distances/B/clade_B_seqs.aligned.fasta.iqtree
  Maximum-likelihood tree:       /app/outputs/analyses/637/20251019T164351/between_profile_distances/B/clade_B_seqs.aligned.fasta.treefile
  Likelihood distances:          /app/outputs/analyses/637/20251019T164351/between_profile_distances/B/clade_B_seqs.aligned.fasta.mldist
  Screen log file:               /app/outputs/analyses/637/20251019T164351/between_profile_distances/B/clade_B_seqs.aligned.fasta.log

Date and Time: Sun Oct 19 11:44:08 2025
