IQ-TREE multicore version 2.2.2.3 COVID-edition for Linux 64-bit built Apr  7 2023
Developed by Bui Quang Minh, James Barbetti, Nguyen Lam Tung,
Olga Chernomor, Heiko Schmidt, Dominik Schrempf, Michael Woodhams, Ly Trong Nhan.

Host:    243101b0ae19 (AVX2, FMA3, 125 GB RAM)
Command: iqtree -T AUTO --threads-max 2 -s /app/outputs/analyses/637/20251019T164351/between_sample_distances/B/clade_B_seqs.aligned.fasta
Seed:    913924 (Using SPRNG - Scalable Parallel Random Number Generator)
Time:    Sun Oct 19 11:44:10 2025
Kernel:  AVX+FMA - auto-detect threads (24 CPU cores detected)

Reading alignment file /app/outputs/analyses/637/20251019T164351/between_sample_distances/B/clade_B_seqs.aligned.fasta ... Fasta format detected
Reading fasta file: done in 0.000164986 secs using 49.1% CPU
Alignment most likely contains DNA/RNA sequences
Constructing alignment: done in 0.000158072 secs using 0.6326% CPU
Alignment has 59 sequences with 296 columns, 76 distinct patterns
18 parsimony-informative, 21 singleton sites, 257 constant sites
         Gap/Ambiguity  Composition  p-value
Analyzing sequences: done in 0.000187159 secs using 2.137% CPU
   1  2541448    8.78%    passed     99.73%
   2  326410     9.12%    passed     99.88%
   3  5624331    9.12%    passed     99.75%
   4  29324      9.12%    passed    100.00%
   5  5624206   10.14%    passed     99.37%
   6  5624207    8.45%    passed     99.87%
   7  5624208    9.12%    passed     99.78%
   8  2541329    9.12%    passed     99.85%
   9  2541457    5.74%    passed     98.69%
  10  3690898    9.12%    passed     99.92%
  11  5624209   10.81%    passed     99.93%
  12  5624210    9.12%    passed     99.83%
  13  5624211   10.14%    passed     99.94%
  14  5624212    9.12%    passed     99.33%
  15  89112      9.12%    passed     99.82%
  16  4349209    8.45%    passed     98.79%
  17  5624213   10.47%    passed     97.53%
  18  5624214   10.14%    passed     98.82%
  19  5624215    6.42%    passed     99.01%
  20  5624216    9.12%    passed     99.85%
  21  5624217    9.12%    passed     99.83%
  22  5624218    9.46%    passed     99.99%
  23  5624219    9.12%    passed     99.88%
  24  5624220    9.12%    passed     99.92%
  25  5624221   21.62%    passed     99.41%
  26  2541475    9.12%    passed     99.93%
  27  2546212    9.12%    passed     99.93%
  28  324133     9.12%    passed     99.82%
  29  3690660    9.12%    passed     99.82%
  30  5624225    9.46%    passed     97.86%
  31  5624226    8.78%    passed     99.99%
  32  5624227    9.12%    passed     99.59%
  33  5624228   18.24%    passed     91.20%
  34  5624229    8.45%    passed     99.96%
  35  5624230    9.12%    passed     99.88%
  36  62767      8.78%    passed     99.94%
  37  2541615    9.12%    passed     99.93%
  38  89664      9.12%    passed     99.93%
  39  5625024   10.14%    passed     99.94%
  40  51013      9.12%    passed     99.82%
  41  2541383    8.78%    passed     99.99%
  42  3690569   19.93%    passed     99.78%
  43  322255     9.12%    passed     99.93%
  44  2541392    9.12%    passed     99.71%
  45  5624785    9.12%    passed     99.75%
  46  368726     9.12%    passed     99.93%
  47  3690582    9.12%    passed     99.69%
  48  5624283    9.12%    passed     99.55%
  49  2161244    9.46%    passed     99.96%
  50  3691359    9.12%    passed     98.84%
  51  51043      9.12%    passed     99.88%
  52  2541291    9.46%    passed     95.81%
  53  5625068    9.12%    passed     99.59%
  54  698733     9.12%    passed     99.88%
  55  2541295    9.12%    passed     99.90%
  56  3691003    9.12%    passed     99.82%
  57  2541307    9.12%    passed     99.85%
  58  3690876    9.12%    passed     99.69%
  59  3692159    9.12%    passed     99.75%
****  TOTAL      9.65%  0 sequences failed composition chi2 test (p-value<5%; df=3)
Checking for duplicate sequences: done in 0.000264168 secs


Create initial parsimony tree by phylogenetic likelihood library (PLL)... 0.000 seconds
Measuring multi-threading efficiency up to 2 CPU cores
Increase to 10 rounds for branch lengths
1189 trees examined
Threads: 1 / Time: 2.001 sec / Speedup: 1.000 / Efficiency: 100% / LogL: -884
Threads: 2 / Time: 5.256 sec / Speedup: 0.381 / Efficiency: 19% / LogL: -884
Determining AUTO threadcount: done in 7.25684 secs using 90.48% CPU
BEST NUMBER OF THREADS: 1

Perform fast likelihood tree search using GTR+I+G model...
Estimate model parameters (epsilon = 5.000)
Perform nearest neighbor interchange...
Optimizing NNI: done in 0.00206304 secs using 99.71% CPU
Estimate model parameters (epsilon = 1.000)
1. Initial log-likelihood: -754.776
Optimal log-likelihood: -754.776
Rate parameters:  A-C: 1.44223  A-G: 3.14567  A-T: 0.50040  C-G: 0.64496  C-T: 2.91906  G-T: 1.00000
Base frequencies:  A: 0.164  C: 0.271  G: 0.260  T: 0.305
Proportion of invariable sites: 0.434
Gamma shape alpha: 1.285
Parameters optimization took 1 rounds (0.002 sec)
Time for fast ML tree search: 0.047 seconds

NOTE: ModelFinder requires 1 MB RAM!
ModelFinder will test up to 484 DNA models (sample size: 296) ...
 No. Model         -LnL         df  AIC          AICc         BIC
  1  GTR+F         759.093      123 1764.186     1941.535     2218.100
  2  GTR+F+I       754.456      124 1756.913     1938.199     2214.517
  3  GTR+F+G4      754.671      124 1757.342     1938.629     2214.947
  4  GTR+F+I+G4    754.776      125 1759.553     1944.847     2220.848
  5  GTR+F+R2      755.952      125 1761.905     1947.199     2223.200
  6  GTR+F+R3      754.917      127 1763.835     1957.358     2232.510
 14  GTR+F+I+R2    754.646      126 1761.292     1950.665     2226.277
 15  GTR+F+I+R3    754.712      128 1765.424     1963.173     2237.790
 23  SYM           763.588      120 1767.177     1933.120     2210.020
 24  SYM+I         759.277      121 1760.554     1930.233     2207.088
 25  SYM+G4        759.448      121 1760.896     1930.574     2207.430
 26  SYM+I+G4      759.513      122 1763.026     1936.506     2213.250
 27  SYM+R2        761.031      122 1766.062     1939.542     2216.286
 45  TVM+F         759.106      122 1762.213     1935.692     2212.436
 46  TVM+F+I       754.465      123 1754.930     1932.279     2208.844
 47  TVM+F+G4      754.685      123 1755.369     1932.718     2209.283
 48  TVM+F+I+G4    754.792      124 1757.584     1938.870     2215.188
 49  TVM+F+R2      755.968      124 1759.937     1941.223     2217.541
 67  TVMe          763.901      119 1765.802     1928.075     2204.955
 68  TVMe+I        759.685      120 1759.369     1925.312     2202.212
 69  TVMe+G4       759.812      120 1759.624     1925.566     2202.467
 70  TVMe+I+G4     759.860      121 1761.719     1931.397     2208.253
 71  TVMe+R2       761.452      121 1764.904     1934.583     2211.438
 89  TIM3+F        760.163      121 1762.325     1932.004     2208.859
 90  TIM3+F+I      755.557      122 1755.113     1928.593     2205.337
 91  TIM3+F+G4     755.764      122 1755.528     1929.008     2205.752
 92  TIM3+F+I+G4   755.863      123 1757.726     1935.074     2211.640
 93  TIM3+F+R2     757.119      123 1760.237     1937.586     2214.151
111  TIM3e         764.821      118 1765.643     1924.310     2201.105
112  TIM3e+I       760.434      119 1758.869     1921.141     2198.021
113  TIM3e+G4      760.612      119 1759.224     1921.497     2198.377
114  TIM3e+I+G4    760.684      120 1761.368     1927.311     2204.211
115  TIM3e+R2      762.333      120 1764.666     1930.609     2207.509
133  TIM2+F        760.195      121 1762.390     1932.068     2208.923
134  TIM2+F+I      755.561      122 1755.122     1928.602     2205.346
135  TIM2+F+G4     755.768      122 1755.537     1929.016     2205.761
136  TIM2+F+I+G4   755.870      123 1757.740     1935.089     2211.654
137  TIM2+F+R2     757.049      123 1760.098     1937.447     2214.012
155  TIM2e         764.688      118 1765.376     1924.042     2200.838
156  TIM2e+I       760.380      119 1758.760     1921.033     2197.913
157  TIM2e+G4      760.541      119 1759.081     1921.354     2198.234
158  TIM2e+I+G4    760.603      120 1761.206     1927.148     2204.049
159  TIM2e+R2      762.128      120 1764.255     1930.198     2207.099
177  TIM+F         759.261      121 1760.522     1930.201     2207.056
178  TIM+F+I       754.715      122 1753.430     1926.910     2203.654
179  TIM+F+G4      754.902      122 1753.804     1927.283     2204.027
180  TIM+F+I+G4    754.987      123 1755.975     1933.324     2209.889
181  TIM+F+R2      756.433      123 1758.867     1936.215     2212.781
199  TIMe          763.819      118 1763.639     1922.305     2199.101
200  TIMe+I        759.449      119 1756.898     1919.170     2196.050
201  TIMe+G4       759.620      119 1757.240     1919.513     2196.393
202  TIMe+I+G4     759.689      120 1759.379     1925.322     2202.222
203  TIMe+R2       761.334      120 1762.667     1928.610     2205.511
221  TPM3u+F       760.176      120 1760.352     1926.295     2203.195
222  TPM3u+F+I     755.564      121 1753.129     1922.807     2199.662
223  TPM3u+F+G4    755.776      121 1753.552     1923.230     2200.085
224  TPM3u+F+I+G4  755.876      122 1755.752     1929.232     2205.976
225  TPM3u+F+R2    757.131      122 1758.263     1931.743     2208.487
243  TPM3          765.134      117 1764.267     1919.391     2196.039
244  TPM3+I        760.844      118 1757.689     1916.355     2193.151
245  TPM3+G4       760.980      118 1757.961     1916.627     2193.423
246  TPM3+I+G4     761.036      119 1760.071     1922.344     2199.224
247  TPM3+R2       762.663      119 1763.327     1925.599     2202.479
265  TPM2u+F       760.208      120 1760.415     1926.358     2203.259
266  TPM2u+F+I     755.570      121 1753.140     1922.818     2199.673
267  TPM2u+F+G4    755.782      121 1753.564     1923.242     2200.097
268  TPM2u+F+I+G4  755.886      122 1755.772     1929.252     2205.996
269  TPM2u+F+R2    757.663      122 1759.326     1932.805     2209.549
287  TPM2          765.000      117 1764.000     1919.124     2195.772
288  TPM2+I        760.787      118 1757.575     1916.241     2193.037
289  TPM2+G4       760.903      118 1757.806     1916.473     2193.269
290  TPM2+I+G4     760.949      119 1759.899     1922.172     2199.052
291  TPM2+R2       762.548      119 1763.096     1925.369     2202.249
309  K3Pu+F        759.274      120 1758.549     1924.491     2201.392
310  K3Pu+F+I      754.723      121 1751.446     1921.124     2197.979
311  K3Pu+F+G4     754.915      121 1751.829     1921.507     2198.363
312  K3Pu+F+I+G4   755.003      122 1754.006     1927.486     2204.230
313  K3Pu+F+R2     756.445      122 1756.891     1930.371     2207.115
331  K3P           764.132      117 1762.263     1917.387     2194.035
332  K3P+I         759.860      118 1755.720     1914.386     2191.182
333  K3P+G4        759.989      118 1755.978     1914.645     2191.441
334  K3P+I+G4      760.042      119 1758.083     1920.356     2197.236
335  K3P+R2        761.664      119 1761.329     1923.601     2200.481
353  TN+F          760.195      120 1760.389     1926.332     2203.232
354  TN+F+I        755.603      121 1753.206     1922.884     2199.739
355  TN+F+G4       755.802      121 1753.603     1923.281     2200.137
356  TN+F+I+G4     755.895      122 1755.790     1929.270     2206.014
357  TN+F+R2       757.153      122 1758.307     1931.786     2208.530
375  TNe           764.832      117 1763.664     1918.787     2195.436
376  TNe+I         760.448      118 1756.897     1915.563     2192.359
377  TNe+G4        760.622      118 1757.244     1915.910     2192.706
378  TNe+I+G4      760.692      119 1759.383     1921.656     2198.536
379  TNe+R2        762.265      119 1762.530     1924.802     2201.682
397  HKY+F         760.208      119 1758.415     1920.688     2197.568
398  HKY+F+I       755.611      120 1751.221     1917.164     2194.064
399  HKY+F+G4      755.814      120 1751.629     1917.572     2194.472
400  HKY+F+I+G4    755.911      121 1753.822     1923.500     2200.355
401  HKY+F+R2      757.667      121 1757.333     1927.011     2203.867
419  K2P           765.144      116 1762.288     1913.930     2190.369
420  K2P+I         760.859      117 1755.719     1910.843     2187.491
421  K2P+G4        760.990      117 1755.981     1911.104     2187.753
422  K2P+I+G4      761.044      118 1758.088     1916.754     2193.550
423  K2P+R2        762.673      118 1761.346     1920.013     2196.809
441  F81+F         768.983      118 1773.967     1932.634     2209.429
442  F81+F+I       764.591      119 1767.181     1929.454     2206.334
443  F81+F+G4      764.730      119 1767.460     1929.732     2206.613
444  F81+F+I+G4    764.790      120 1769.580     1935.523     2212.423
445  F81+F+R2      766.480      120 1772.960     1938.902     2215.803
463  JC            774.291      115 1778.581     1926.804     2202.973
464  JC+I          770.025      116 1772.049     1923.692     2200.131
465  JC+G4         770.153      116 1772.306     1923.949     2200.388
466  JC+I+G4       770.205      117 1774.409     1929.533     2206.181
467  JC+R2         771.824      117 1777.648     1932.772     2209.420
Akaike Information Criterion:           HKY+F+I
Corrected Akaike Information Criterion: K2P+I
Bayesian Information Criterion:         K2P+I
Best-fit model: K2P+I chosen according to BIC

All model information printed to /app/outputs/analyses/637/20251019T164351/between_sample_distances/B/clade_B_seqs.aligned.fasta.model.gz
CPU time for ModelFinder: 7.013 seconds (0h:0m:7s)
Wall-clock time for ModelFinder: 7.737 seconds (0h:0m:7s)

NOTE: 0 MB RAM (0 GB) is required!
Estimate model parameters (epsilon = 0.100)
1. Initial log-likelihood: -760.859
Optimal log-likelihood: -760.859
Rate parameters:  A-C: 1.00000  A-G: 3.48138  A-T: 1.00000  C-G: 1.00000  C-T: 3.48138  G-T: 1.00000
Base frequencies:  A: 0.250  C: 0.250  G: 0.250  T: 0.250
Proportion of invariable sites: 0.628
Parameters optimization took 1 rounds (0.001 sec)
Wrote distance file to... 
Computing ML distances based on estimated model parameters...
Calculating distance matrix: done in 0.0014801 secs using 99.93% CPU
Computing ML distances took 0.001497 sec (of wall-clock time) 0.001498 sec (of CPU time)
Setting up auxiliary I and S matrices: done in 6.98566e-05 secs using 100.2% CPU
Constructing RapidNJ tree: done in 0.000144005 secs using 100.7% CPU
Computing RapidNJ tree took 0.000234 sec (of wall-clock time) 0.000233 sec (of CPU time)
Log-likelihood of RapidNJ tree: -758.403
--------------------------------------------------------------------
|             INITIALIZING CANDIDATE TREE SET                      |
--------------------------------------------------------------------
Generating 98 parsimony trees... 0.044 second
Computing log-likelihood of 98 initial trees ... 0.034 seconds
Current best score: -758.380

Do NNI search on 20 best initial trees
Optimizing NNI: done in 0.00212598 secs using 100% CPU
Estimate model parameters (epsilon = 0.100)
BETTER TREE FOUND at iteration 1: -758.197
Optimizing NNI: done in 0.00208998 secs using 99.95% CPU
Optimizing NNI: done in 0.00210023 secs using 99.94% CPU
Optimizing NNI: done in 0.00211811 secs using 99.95% CPU
Optimizing NNI: done in 0.000924826 secs using 100% CPU
Optimizing NNI: done in 0.00201702 secs using 100% CPU
Optimizing NNI: done in 0.00202513 secs using 99.94% CPU
Optimizing NNI: done in 0.00209308 secs using 100% CPU
Optimizing NNI: done in 0.00210404 secs using 99.95% CPU
Optimizing NNI: done in 0.00202298 secs using 100% CPU
Iteration 10 / LogL: -759.619 / Time: 0h:0m:0s
Optimizing NNI: done in 0.00205898 secs using 99.95% CPU
Optimizing NNI: done in 0.00207305 secs using 99.95% CPU
Optimizing NNI: done in 0.00205398 secs using 100% CPU
Optimizing NNI: done in 0.00204301 secs using 99.95% CPU
Optimizing NNI: done in 0.00201297 secs using 100% CPU
Optimizing NNI: done in 0.00204492 secs using 100% CPU
Optimizing NNI: done in 0.00202608 secs using 99.95% CPU
Optimizing NNI: done in 0.00203109 secs using 100% CPU
Optimizing NNI: done in 0.00446701 secs using 99.98% CPU
Optimizing NNI: done in 0.00210905 secs using 100% CPU
Iteration 20 / LogL: -759.619 / Time: 0h:0m:0s
Finish initializing candidate tree set (20)
Current best tree score: -758.197 / CPU time: 0.126
Number of iterations: 20
--------------------------------------------------------------------
|               OPTIMIZING CANDIDATE TREE SET                      |
--------------------------------------------------------------------
Optimizing NNI: done in 0.0032618 secs using 99.94% CPU
Optimizing NNI: done in 0.00300503 secs using 100% CPU
Optimizing NNI: done in 0.0030489 secs using 100% CPU
Optimizing NNI: done in 0.00299501 secs using 100% CPU
Optimizing NNI: done in 0.00395107 secs using 100% CPU
Optimizing NNI: done in 0.00657701 secs using 99.98% CPU
Estimate model parameters (epsilon = 0.100)
BETTER TREE FOUND at iteration 26: -758.145
Optimizing NNI: done in 0.00410295 secs using 99.98% CPU
Optimizing NNI: done in 0.00536299 secs using 100% CPU
Optimizing NNI: done in 0.00406218 secs using 100% CPU
Optimizing NNI: done in 0.00390887 secs using 99.98% CPU
Iteration 30 / LogL: -758.199 / Time: 0h:0m:0s (0h:0m:0s left)
Optimizing NNI: done in 0.00301504 secs using 100% CPU
Optimizing NNI: done in 0.00519109 secs using 99.98% CPU
Optimizing NNI: done in 0.00502396 secs using 100% CPU
Optimizing NNI: done in 0.00396705 secs using 99.97% CPU
Optimizing NNI: done in 0.00367284 secs using 100% CPU
Optimizing NNI: done in 0.00395703 secs using 100% CPU
Optimizing NNI: done in 0.00371003 secs using 99.97% CPU
Optimizing NNI: done in 0.00280285 secs using 100% CPU
Optimizing NNI: done in 0.00414801 secs using 100% CPU
Optimizing NNI: done in 0.00796294 secs using 99.89% CPU
Iteration 40 / LogL: -758.148 / Time: 0h:0m:0s (0h:0m:0s left)
Optimizing NNI: done in 0.00170493 secs using 100% CPU
Optimizing NNI: done in 0.0040741 secs using 100% CPU
Optimizing NNI: done in 0.00540304 secs using 99.96% CPU
Optimizing NNI: done in 0.00313807 secs using 100% CPU
Optimizing NNI: done in 0.004071 secs using 99.98% CPU
Optimizing NNI: done in 0.0029881 secs using 99.96% CPU
Optimizing NNI: done in 0.00322104 secs using 99.97% CPU
Optimizing NNI: done in 0.00610304 secs using 99.98% CPU
Optimizing NNI: done in 0.00321317 secs using 99.99% CPU
Optimizing NNI: done in 0.00300193 secs using 100% CPU
Iteration 50 / LogL: -758.151 / Time: 0h:0m:0s (0h:0m:0s left)
Optimizing NNI: done in 0.00567889 secs using 99.98% CPU
Optimizing NNI: done in 0.00303888 secs using 99.97% CPU
Optimizing NNI: done in 0.00355601 secs using 100% CPU
Optimizing NNI: done in 0.00205398 secs using 100% CPU
Optimizing NNI: done in 0.00179696 secs using 100% CPU
Optimizing NNI: done in 0.0050571 secs using 99.98% CPU
Optimizing NNI: done in 0.00397801 secs using 99.97% CPU
Optimizing NNI: done in 0.00602698 secs using 99.98% CPU
Optimizing NNI: done in 0.00510597 secs using 99.98% CPU
Optimizing NNI: done in 0.00274801 secs using 99.96% CPU
Iteration 60 / LogL: -758.148 / Time: 0h:0m:0s (0h:0m:0s left)
Optimizing NNI: done in 0.00355101 secs using 99.97% CPU
Optimizing NNI: done in 0.001863 secs using 100% CPU
Optimizing NNI: done in 0.00292897 secs using 100% CPU
Optimizing NNI: done in 0.00327086 secs using 100% CPU
Optimizing NNI: done in 0.00203705 secs using 99.95% CPU
Optimizing NNI: done in 0.00411201 secs using 99.98% CPU
Optimizing NNI: done in 0.00195098 secs using 99.95% CPU
Optimizing NNI: done in 0.00186682 secs using 100% CPU
Optimizing NNI: done in 0.0040791 secs using 99.97% CPU
Optimizing NNI: done in 0.00400209 secs using 100% CPU
Iteration 70 / LogL: -758.151 / Time: 0h:0m:0s (0h:0m:0s left)
Optimizing NNI: done in 0.00494409 secs using 100% CPU
Optimizing NNI: done in 0.00394797 secs using 99.98% CPU
Optimizing NNI: done in 0.004668 secs using 99.98% CPU
Optimizing NNI: done in 0.00390315 secs using 100% CPU
Optimizing NNI: done in 0.00508499 secs using 99.98% CPU
Optimizing NNI: done in 0.00362301 secs using 99.97% CPU
Optimizing NNI: done in 0.00533009 secs using 100% CPU
Optimizing NNI: done in 0.00255513 secs using 99.96% CPU
Optimizing NNI: done in 0.00405717 secs using 99.97% CPU
Optimizing NNI: done in 0.00458312 secs using 99.98% CPU
Iteration 80 / LogL: -758.152 / Time: 0h:0m:0s (0h:0m:0s left)
Optimizing NNI: done in 0.0047369 secs using 100% CPU
Optimizing NNI: done in 0.00248289 secs using 99.96% CPU
Optimizing NNI: done in 0.00391698 secs using 100% CPU
Optimizing NNI: done in 0.00518203 secs using 100% CPU
Optimizing NNI: done in 0.00398803 secs using 100% CPU
Optimizing NNI: done in 0.0040102 secs using 99.97% CPU
Optimizing NNI: done in 0.00485301 secs using 100% CPU
Optimizing NNI: done in 0.00473905 secs using 99.98% CPU
Optimizing NNI: done in 0.00308013 secs using 100% CPU
Optimizing NNI: done in 0.00468206 secs using 100% CPU
Iteration 90 / LogL: -758.148 / Time: 0h:0m:0s (0h:0m:0s left)
Optimizing NNI: done in 0.00371504 secs using 99.97% CPU
Optimizing NNI: done in 0.0028429 secs using 100% CPU
Optimizing NNI: done in 0.00196385 secs using 100% CPU
Optimizing NNI: done in 0.00182796 secs using 100% CPU
Optimizing NNI: done in 0.00304008 secs using 100% CPU
Optimizing NNI: done in 0.00379181 secs using 100% CPU
Optimizing NNI: done in 0.00423789 secs using 99.98% CPU
Optimizing NNI: done in 0.00292087 secs using 100% CPU
Optimizing NNI: done in 0.00462294 secs using 100% CPU
Optimizing NNI: done in 0.00293398 secs using 100% CPU
Iteration 100 / LogL: -758.146 / Time: 0h:0m:0s (0h:0m:0s left)
Optimizing NNI: done in 0.00199008 secs using 100% CPU
Optimizing NNI: done in 0.00374413 secs using 99.97% CPU
Optimizing NNI: done in 0.000967026 secs using 100% CPU
Optimizing NNI: done in 0.00532913 secs using 100% CPU
Optimizing NNI: done in 0.00391603 secs using 100% CPU
Optimizing NNI: done in 0.00379014 secs using 100% CPU
Optimizing NNI: done in 0.00303006 secs using 99.96% CPU
Optimizing NNI: done in 0.00307417 secs using 99.99% CPU
Optimizing NNI: done in 0.00563908 secs using 100% CPU
Optimizing NNI: done in 0.00295997 secs using 100% CPU
Iteration 110 / LogL: -758.150 / Time: 0h:0m:0s (0h:0m:0s left)
Optimizing NNI: done in 0.00356197 secs using 100% CPU
Optimizing NNI: done in 0.00420904 secs using 100% CPU
Optimizing NNI: done in 0.003757 secs using 100% CPU
Optimizing NNI: done in 0.00609899 secs using 100% CPU
Optimizing NNI: done in 0.00578189 secs using 100% CPU
Optimizing NNI: done in 0.00391507 secs using 99.97% CPU
Optimizing NNI: done in 0.0031352 secs using 99.96% CPU
Optimizing NNI: done in 0.00654578 secs using 99.99% CPU
Optimizing NNI: done in 0.00382996 secs using 99.98% CPU
Optimizing NNI: done in 0.00300908 secs using 100% CPU
Iteration 120 / LogL: -758.149 / Time: 0h:0m:0s (0h:0m:0s left)
Optimizing NNI: done in 0.00475907 secs using 99.98% CPU
Optimizing NNI: done in 0.00379515 secs using 99.97% CPU
Optimizing NNI: done in 0.00446892 secs using 100% CPU
Optimizing NNI: done in 0.007236 secs using 100% CPU
Optimizing NNI: done in 0.00195885 secs using 99.96% CPU
Optimizing NNI: done in 0.00391889 secs using 99.98% CPU
Optimizing NNI: done in 0.001966 secs using 100% CPU
TREE SEARCH COMPLETED AFTER 127 ITERATIONS / Time: 0h:0m:0s

--------------------------------------------------------------------
|                    FINALIZING TREE SEARCH                        |
--------------------------------------------------------------------
Performs final model parameters optimization
Estimate model parameters (epsilon = 0.010)
1. Initial log-likelihood: -758.145
Optimal log-likelihood: -758.145
Rate parameters:  A-C: 1.00000  A-G: 4.15579  A-T: 1.00000  C-G: 1.00000  C-T: 4.15579  G-T: 1.00000
Base frequencies:  A: 0.250  C: 0.250  G: 0.250  T: 0.250
Proportion of invariable sites: 0.628
Parameters optimization took 1 rounds (0.001 sec)
BEST SCORE FOUND : -758.145
Total tree length: 0.185

Total number of iterations: 127
CPU time used for tree search: 0.580 sec (0h:0m:0s)
Wall-clock time used for tree search: 0.580 sec (0h:0m:0s)
Total CPU time used: 0.589 sec (0h:0m:0s)
Total wall-clock time used: 0.614 sec (0h:0m:0s)

Analysis results written to: 
  IQ-TREE report:                /app/outputs/analyses/637/20251019T164351/between_sample_distances/B/clade_B_seqs.aligned.fasta.iqtree
  Maximum-likelihood tree:       /app/outputs/analyses/637/20251019T164351/between_sample_distances/B/clade_B_seqs.aligned.fasta.treefile
  Likelihood distances:          /app/outputs/analyses/637/20251019T164351/between_sample_distances/B/clade_B_seqs.aligned.fasta.mldist
  Screen log file:               /app/outputs/analyses/637/20251019T164351/between_sample_distances/B/clade_B_seqs.aligned.fasta.log

Date and Time: Sun Oct 19 11:44:19 2025
